﻿
> dashboard@0.0.0 build
> vite build

[36mvite v8.0.3 [32mbuilding client environment for production...[36m[39m
[2K
transforming...Γ£ô 2956 modules transformed.
node.exe : [31mΓ£ù[39m Build failed in 5.49s
At line:1 char:1
+ & "C:\Program Files\nodejs/node.exe" "C:\Program Files\nodejs/node_mo ...
+ ~~~~~~~~~~~~~~~~~~~~~~~~~~~~~~~~~~~~~~~~~~~~~~~~~~~~~~~~~~~~~~~~~~~~~
    + CategoryInfo          : NotSpecified: ([31mΓ£ù[39m Build failed in 5.49s:String) [], RemoteException
    + FullyQualifiedErrorId : NativeCommandError
 
[31merror during build:
[31mBuild failed with 1 error:

[plugin @rolldown/plugin-babel] 
C:/Users/neetprep/OneDrive/Desktop/CTS_Revenue_Dynamic/dashboard/src/pages/UserSpace.jsx:465:6
RolldownError: [BabelError] C:\Users\neetprep\OneDrive\Desktop\CTS_Revenue_Dynamic\dashboard\src\pages\UserSpace.jsx: 
Unexpected token (465:6)

[0m [90m 463 |[31m     [36mif[31m (isOverdue) [36mreturn[31m [32m"bg-rose-600 text-white border-rose-700 
animate-pulse"[31m[33m;[31m
 [90m 464 |[31m     [36mif[31m (isDueSoon) [36mreturn[31m [32m"bg-amber-500 text-white 
border-amber-600"[31m[33m;[31m
[31m[1m>[22m[31m[90m 465 |[31m       [36mcase[31m [32m"Urgent"[31m[33m:[31m [36mreturn[31m 
[32m"bg-rose-500 text-white border-rose-600 shadow-lg shadow-rose-200 dark:shadow-none"[31m[33m;[31m
 [90m     |[31m       [31m[1m^[22m[31m
 [90m 466 |[31m       [36mcase[31m [32m"High"[31m[33m:[31m [36mreturn[31m [32m"bg-orange-100 
text-orange-700 border-orange-200 dark:bg-orange-500/20 dark:text-orange-400 dark:border-orange-500/30"[31m[33m;[31m
 [90m 467 |[31m       [36mcase[31m [32m"Medium"[31m[33m:[31m [36mreturn[31m [32m"bg-indigo-100 
text-indigo-700 border-indigo-200 dark:bg-indigo-500/20 dark:text-indigo-400 dark:border-indigo-500/30"[31m[33m;[31m
 [90m 468 |[31m       [36mdefault[31m[33m:[31m [36mreturn[31m [32m"bg-slate-100 text-slate-600 
border-slate-200 dark:bg-slate-700/50 dark:text-slate-400 dark:border-slate-600"[31m[33m;[31m[0m
    at error (file:///C:/Users/neetprep/OneDrive/Desktop/CTS_Revenue_Dynamic/dashboard/node_modules/rolldown/dist/share
d/logs-D80CXhvg.mjs:147:24)
    at TransformPluginContextImpl.error (file:///C:/Users/neetprep/OneDrive/Desktop/CTS_Revenue_Dynamic/dashboard/node_
modules/rolldown/dist/shared/bindingify-input-options-e7ze4hPR.mjs:990:10)
    at TransformPluginContextImpl.handler (file:///C:/Users/neetprep/OneDrive/Desktop/CTS_Revenue_Dynamic/dashboard/nod
e_modules/@rolldown/plugin-babel/dist/index.mjs:404:11)
    at async plugin (file:///C:/Users/neetprep/OneDrive/Desktop/CTS_Revenue_Dynamic/dashboard/node_modules/rolldown/dis
t/shared/bindingify-input-options-e7ze4hPR.mjs:1129:16)
    at async plugin.<computed> (file:///C:/Users/neetprep/OneDrive/Desktop/CTS_Revenue_Dynamic/dashboard/node_modules/r
olldown/dist/shared/bindingify-input-options-e7ze4hPR.mjs:1593:12)
Caused by:
  SyntaxError: C:\Users\neetprep\OneDrive\Desktop\CTS_Revenue_Dynamic\dashboard\src\pages\UserSpace.jsx: Unexpected 
token (465:6)
  
  [0m [90m 463 |[31m     [36mif[31m (isOverdue) [36mreturn[31m [32m"bg-rose-600 text-white border-rose-700 
animate-pulse"[31m[33m;[31m
   [90m 464 |[31m     [36mif[31m (isDueSoon) [36mreturn[31m [32m"bg-amber-500 text-white 
border-amber-600"[31m[33m;[31m
  [31m[1m>[22m[31m[90m 465 |[31m       [36mcase[31m [32m"Urgent"[31m[33m:[31m [36mreturn[31m 
[32m"bg-rose-500 text-white border-rose-600 shadow-lg shadow-rose-200 dark:shadow-none"[31m[33m;[31m
   [90m     |[31m       [31m[1m^[22m[31m
   [90m 466 |[31m       [36mcase[31m [32m"High"[31m[33m:[31m [36mreturn[31m [32m"bg-orange-100 
text-orange-700 border-orange-200 dark:bg-orange-500/20 dark:text-orange-400 dark:border-orange-500/30"[31m[33m;[31m
   [90m 467 |[31m       [36mcase[31m [32m"Medium"[31m[33m:[31m [36mreturn[31m [32m"bg-indigo-100 
text-indigo-700 border-indigo-200 dark:bg-indigo-500/20 dark:text-indigo-400 dark:border-indigo-500/30"[31m[33m;[31m
   [90m 468 |[31m       [36mdefault[31m[33m:[31m [36mreturn[31m [32m"bg-slate-100 text-slate-600 
border-slate-200 dark:bg-slate-700/50 dark:text-slate-400 dark:border-slate-600"[31m[33m;[31m[0m
      at constructor 
(C:\Users\neetprep\OneDrive\Desktop\CTS_Revenue_Dynamic\dashboard\node_modules\@babel\parser\lib\index.js:365:19)
      at JSXParserMixin.raise 
(C:\Users\neetprep\OneDrive\Desktop\CTS_Revenue_Dynamic\dashboard\node_modules\@babel\parser\lib\index.js:6599:19)
      at JSXParserMixin.unexpected 
(C:\Users\neetprep\OneDrive\Desktop\CTS_Revenue_Dynamic\dashboard\node_modules\@babel\parser\lib\index.js:6619:16)
      at JSXParserMixin.parseExprAtom 
(C:\Users\neetprep\OneDrive\Desktop\CTS_Revenue_Dynamic\dashboard\node_modules\@babel\parser\lib\index.js:11442:22)
      at JSXParserMixin.parseExprAtom 
(C:\Users\neetprep\OneDrive\Desktop\CTS_Revenue_Dynamic\dashboard\node_modules\@babel\parser\lib\index.js:4764:20)
      at JSXParserMixin.parseExprSubscripts 
(C:\Users\neetprep\OneDrive\Desktop\CTS_Revenue_Dynamic\dashboard\node_modules\@babel\parser\lib\index.js:11081:23)
      at JSXParserMixin.parseUpdate 
(C:\Users\neetprep\OneDrive\Desktop\CTS_Revenue_Dynamic\dashboard\node_modules\@babel\parser\lib\index.js:11066:21)
      at JSXParserMixin.parseMaybeUnary 
(C:\Users\neetprep\OneDrive\Desktop\CTS_Revenue_Dynamic\dashboard\node_modules\@babel\parser\lib\index.js:11046:23)
      at JSXParserMixin.parseMaybeUnaryOrPrivate 
(C:\Users\neetprep\OneDrive\Desktop\CTS_Revenue_Dynamic\dashboard\node_modules\@babel\parser\lib\index.js:10899:61)
      at JSXParserMixin.parseExprOps 
(C:\Users\neetprep\OneDrive\Desktop\CTS_Revenue_Dynamic\dashboard\node_modules\@babel\parser\lib\index.js:10904:23)
      at JSXParserMixin.parseMaybeConditional 
(C:\Users\neetprep\OneDrive\Desktop\CTS_Revenue_Dynamic\dashboard\node_modules\@babel\parser\lib\index.js:10881:23)
      at JSXParserMixin.parseMaybeAssign 
(C:\Users\neetprep\OneDrive\Desktop\CTS_Revenue_Dynamic\dashboard\node_modules\@babel\parser\lib\index.js:10831:21)
      at JSXParserMixin.parseExpressionBase 
(C:\Users\neetprep\OneDrive\Desktop\CTS_Revenue_Dynamic\dashboard\node_modules\@babel\parser\lib\index.js:10784:23)
      at 
C:\Users\neetprep\OneDrive\Desktop\CTS_Revenue_Dynamic\dashboard\node_modules\@babel\parser\lib\index.js:10780:39
      at JSXParserMixin.allowInAnd 
(C:\Users\neetprep\OneDrive\Desktop\CTS_Revenue_Dynamic\dashboard\node_modules\@babel\parser\lib\index.js:12421:16)
      at JSXParserMixin.parseExpression 
(C:\Users\neetprep\OneDrive\Desktop\CTS_Revenue_Dynamic\dashboard\node_modules\@babel\parser\lib\index.js:10780:17)
      at JSXParserMixin.parseStatementContent 
(C:\Users\neetprep\OneDrive\Desktop\CTS_Revenue_Dynamic\dashboard\node_modules\@babel\parser\lib\index.js:12895:23)
      at JSXParserMixin.parseStatementLike 
(C:\Users\neetprep\OneDrive\Desktop\CTS_Revenue_Dynamic\dashboard\node_modules\@babel\parser\lib\index.js:12767:17)
      at JSXParserMixin.parseStatementListItem 
(C:\Users\neetprep\OneDrive\Desktop\CTS_Revenue_Dynamic\dashboard\node_modules\@babel\parser\lib\index.js:12747:17)
      at JSXParserMixin.parseBlockOrModuleBlockBody 
(C:\Users\neetprep\OneDrive\Desktop\CTS_Revenue_Dynamic\dashboard\node_modules\@babel\parser\lib\index.js:13316:61)
      at JSXParserMixin.parseBlockBody 
(C:\Users\neetprep\OneDrive\Desktop\CTS_Revenue_Dynamic\dashboard\node_modules\@babel\parser\lib\index.js:13309:10)
      at JSXParserMixin.parseBlock 
(C:\Users\neetprep\OneDrive\Desktop\CTS_Revenue_Dynamic\dashboard\node_modules\@babel\parser\lib\index.js:13297:10)
      at JSXParserMixin.parseFunctionBody 
(C:\Users\neetprep\OneDrive\Desktop\CTS_Revenue_Dynamic\dashboard\node_modules\@babel\parser\lib\index.js:12100:24)
      at JSXParserMixin.parseArrowExpression 
(C:\Users\neetprep\OneDrive\Desktop\CTS_Revenue_Dynamic\dashboard\node_modules\@babel\parser\lib\index.js:12075:10)
      at JSXParserMixin.parseParenAndDistinguishExpression 
(C:\Users\neetprep\OneDrive\Desktop\CTS_Revenue_Dynamic\dashboard\node_modules\@babel\parser\lib\index.js:11687:12)
      at JSXParserMixin.parseExprAtom 
(C:\Users\neetprep\OneDrive\Desktop\CTS_Revenue_Dynamic\dashboard\node_modules\@babel\parser\lib\index.js:11331:23)
      at JSXParserMixin.parseExprAtom 
(C:\Users\neetprep\OneDrive\Desktop\CTS_Revenue_Dynamic\dashboard\node_modules\@babel\parser\lib\index.js:4764:20)
      at JSXParserMixin.parseExprSubscripts 
(C:\Users\neetprep\OneDrive\Desktop\CTS_Revenue_Dynamic\dashboard\node_modules\@babel\parser\lib\index.js:11081:23)
      at JSXParserMixin.parseUpdate 
(C:\Users\neetprep\OneDrive\Desktop\CTS_Revenue_Dynamic\dashboard\node_modules\@babel\parser\lib\index.js:11066:21)
      at JSXParserMixin.parseMaybeUnary 
(C:\Users\neetprep\OneDrive\Desktop\CTS_Revenue_Dynamic\dashboard\node_modules\@babel\parser\lib\index.js:11046:23)
      at JSXParserMixin.parseMaybeUnaryOrPrivate 
(C:\Users\neetprep\OneDrive\Desktop\CTS_Revenue_Dynamic\dashboard\node_modules\@babel\parser\lib\index.js:10899:61)
      at JSXParserMixin.parseExprOps 
(C:\Users\neetprep\OneDrive\Desktop\CTS_Revenue_Dynamic\dashboard\node_modules\@babel\parser\lib\index.js:10904:23)
      at JSXParserMixin.parseMaybeConditional 
(C:\Users\neetprep\OneDrive\Desktop\CTS_Revenue_Dynamic\dashboard\node_modules\@babel\parser\lib\index.js:10881:23)
      at JSXParserMixin.parseMaybeAssign 
(C:\Users\neetprep\OneDrive\Desktop\CTS_Revenue_Dynamic\dashboard\node_modules\@babel\parser\lib\index.js:10831:21)
      at 
C:\Users\neetprep\OneDrive\Desktop\CTS_Revenue_Dynamic\dashboard\node_modules\@babel\parser\lib\index.js:10800:39
      at JSXParserMixin.allowInAnd 
(C:\Users\neetprep\OneDrive\Desktop\CTS_Revenue_Dynamic\dashboard\node_modules\@babel\parser\lib\index.js:12421:16)
      at JSXParserMixin.parseMaybeAssignAllowIn 
(C:\Users\neetprep\OneDrive\Desktop\CTS_Revenue_Dynamic\dashboard\node_modules\@babel\parser\lib\index.js:10800:17)
      at JSXParserMixin.parseVar 
(C:\Users\neetprep\OneDrive\Desktop\CTS_Revenue_Dynamic\dashboard\node_modules\@babel\parser\lib\index.js:13384:91)
      at JSXParserMixin.parseVarStatement 
(C:\Users\neetprep\OneDrive\Desktop\CTS_Revenue_Dynamic\dashboard\node_modules\@babel\parser\lib\index.js:13230:10)
      at JSXParserMixin.parseStatementContent 
(C:\Users\neetprep\OneDrive\Desktop\CTS_Revenue_Dynamic\dashboard\node_modules\@babel\parser\lib\index.js:12851:23)
      at JSXParserMixin.parseStatementLike 
(C:\Users\neetprep\OneDrive\Desktop\CTS_Revenue_Dynamic\dashboard\node_modules\@babel\parser\lib\index.js:12767:17)
      at JSXParserMixin.parseStatementListItem 
(C:\Users\neetprep\OneDrive\Desktop\CTS_Revenue_Dynamic\dashboard\node_modules\@babel\parser\lib\index.js:12747:17)
      at JSXParserMixin.parseBlockOrModuleBlockBody 
(C:\Users\neetprep\OneDrive\Desktop\CTS_Revenue_Dynamic\dashboard\node_modules\@babel\parser\lib\index.js:13316:61)
      at JSXParserMixin.parseBlockBody 
(C:\Users\neetprep\OneDrive\Desktop\CTS_Revenue_Dynamic\dashboard\node_modules\@babel\parser\lib\index.js:13309:10)
      at JSXParserMixin.parseBlock 
(C:\Users\neetprep\OneDrive\Desktop\CTS_Revenue_Dynamic\dashboard\node_modules\@babel\parser\lib\index.js:13297:10)
      at JSXParserMixin.parseFunctionBody 
(C:\Users\neetprep\OneDrive\Desktop\CTS_Revenue_Dynamic\dashboard\node_modules\@babel\parser\lib\index.js:12100:24)
      at JSXParserMixin.parseFunctionBodyAndFinish 
(C:\Users\neetprep\OneDrive\Desktop\CTS_Revenue_Dynamic\dashboard\node_modules\@babel\parser\lib\index.js:12086:10)
      at 
C:\Users\neetprep\OneDrive\Desktop\CTS_Revenue_Dynamic\dashboard\node_modules\@babel\parser\lib\index.js:13445:12
      at JSXParserMixin.withSmartMixTopicForbiddingContext 
(C:\Users\neetprep\OneDrive\Desktop\CTS_Revenue_Dynamic\dashboard\node_modules\@babel\parser\lib\index.js:12403:14)
      at JSXParserMixin.parseFunction (C:\Users\neetprep\OneDrive\Desktop\CTS_Revenue_Dynamic\dashboard\node_modules\@b
abel\parser\lib\index.js:13444:10)[31m
    at aggregateBindingErrorsIntoJsError (file:///C:/Users/neetprep/OneDrive/Desktop/CTS_Revenue_Dynamic/dashboard/node
_modules/rolldown/dist/shared/error-BLhcSyeg.mjs:48:18)
    at unwrapBindingResult (file:///C:/Users/neetprep/OneDrive/Desktop/CTS_Revenue_Dynamic/dashboard/node_modules/rolld
own/dist/shared/error-BLhcSyeg.mjs:18:128)
    at #build (file:///C:/Users/neetprep/OneDrive/Desktop/CTS_Revenue_Dynamic/dashboard/node_modules/rolldown/dist/shar
ed/rolldown-build-CPrIX9V6.mjs:3313:34)
    at async buildEnvironment (file:///C:/Users/neetprep/OneDrive/Desktop/CTS_Revenue_Dynamic/dashboard/node_modules/vi
te/dist/node/chunks/node.js:32849:64)
    at async Object.build (file:///C:/Users/neetprep/OneDrive/Desktop/CTS_Revenue_Dynamic/dashboard/node_modules/vite/d
ist/node/chunks/node.js:33271:19)
    at async Object.buildApp (file:///C:/Users/neetprep/OneDrive/Desktop/CTS_Revenue_Dynamic/dashboard/node_modules/vit
e/dist/node/chunks/node.js:33268:153)
    at async CAC.<anonymous> 
(file:///C:/Users/neetprep/OneDrive/Desktop/CTS_Revenue_Dynamic/dashboard/node_modules/vite/dist/node/cli.js:778:3) {
  errors: [Getter/Setter]
}[39m
